// Jest Snapshot v1, https://goo.gl/fbAQLP

exports[` <StyledLabel/> to match snapshot 1`] = `
<label
  className="sc-bdVaJa hOggSJ"
>
  Name
</label>
`;
